// Jest Snapshot v1, https://goo.gl/fbAQLP

exports[`renders the loading screen 1`] = `
<View
  style={
    Array [
      Object {
        "backgroundColor": "transparent",
        "marginLeft": 15,
        "marginRight": 15,
      },
      undefined,
      undefined,
      undefined,
    ]
  }
>
  <View
    accessibilityComponentType={undefined}
    accessibilityLabel={undefined}
    accessibilityTraits={undefined}
    accessible={true}
    hasTVPreferredFocus={undefined}
    hitSlop={undefined}
    isTVSelectable={true}
    nativeID={undefined}
    onLayout={undefined}
    onResponderGrant={[Function]}
    onResponderMove={[Function]}
    onResponderRelease={[Function]}
    onResponderTerminate={[Function]}
    onResponderTerminationRequest={[Function]}
    onStartShouldSetResponder={[Function]}
    style={
      Array [
        Object {
          "backgroundColor": "transparent",
        },
        undefined,
      ]
    }
    testID={undefined}
    tvParallaxProperties={undefined}
  >
    <View
      style={
        Array [
          Object {
            "alignItems": "center",
            "backgroundColor": "#9E9E9E",
            "flexDirection": "row",
            "justifyContent": "center",
            "padding": 19,
          },
          undefined,
          undefined,
          undefined,
          undefined,
          undefined,
          undefined,
          undefined,
          Object {
            "padding": 12,
          },
          undefined,
          undefined,
          undefined,
          undefined,
          undefined,
          undefined,
        ]
      }
    >
      <Text
        accessible={true}
        allowFontScaling={false}
        disabled={false}
        ellipsizeMode="tail"
        style={
          Array [
            Object {
              "color": "white",
              "fontSize": 18,
            },
            Array [
              Object {
                "marginRight": 10,
              },
              undefined,
            ],
            Object {
              "fontFamily": "Material Icons",
              "fontStyle": "normal",
              "fontWeight": "normal",
            },
          ]
        }
      >
        î¡ª
      </Text>
      <Text
        accessible={true}
        allowFontScaling={true}
        disabled={false}
        ellipsizeMode="tail"
        style={
          Array [
            Object {},
            undefined,
            undefined,
            undefined,
            undefined,
            undefined,
            undefined,
            undefined,
            undefined,
            undefined,
            Array [
              Object {
                "color": "white",
                "fontSize": 20,
              },
              undefined,
              Object {
                "fontSize": 17.5,
              },
              undefined,
              undefined,
              undefined,
              undefined,
            ],
          ]
        }
      >
        Login
      </Text>
    </View>
  </View>
</View>
`;
